2026-08-01T23:48:24 [INFO] ggb-publish-pipeline-processor: 
============================================================
2026-08-01T23:48:24 [INFO] ggb-publish-pipeline-processor: Pipeline Run — 2026-08-02T03:48:24.839121+00:00
2026-08-01T23:48:24 [INFO] ggb-publish-pipeline-processor: ============================================================
2026-08-01T23:48:24 [INFO] ggb-publish-pipeline-processor: 
📦 Stage 1: DISCOVERED → VALIDATED (3 candidates)
2026-08-01T23:48:25 [WARNING] ggb-publish-pipeline-processor:   ❌ ggb-manifest-4c15a0b — Audit failed: ["files: 'manuscript' is a required property", "files: 'cover' is a required property", 'No cover file in manifest', 'No manuscript file in manifest', 'Unknown title — cannot auto-approve price. Owner approval required.']
2026-08-01T23:48:26 [WARNING] ggb-publish-pipeline-processor:   ❌ ggb-manifest-6f033b9 — Audit failed: ["files: 'manuscript' is a required property", "files: 'cover' is a required property", 'No cover file in manifest', 'No manuscript file in manifest', "Price must be $9.99 for 'encyclopedia-volume-04' (got $3.99)"]
2026-08-01T23:48:26 [WARNING] ggb-publish-pipeline-processor:   ❌ ggb-manifest-3950982 — Audit failed: ["files: 'manuscript' is a required property", "files: 'cover' is a required property", 'No cover file in manifest', 'No manuscript file in manifest', 'Unknown title — cannot auto-approve price. Owner approval required.']
2026-08-01T23:48:26 [INFO] ggb-publish-pipeline-processor: 
📦 Stage 2: VALIDATED → AWAITING_APPROVAL (3 candidates)
2026-08-01T23:48:27 [WARNING] ggb-publish-pipeline-processor:   ❌ ggb-manifest-bc2e3fb — Not a regular file: /Users/darrylsmac/gullahgeecheebiz-site/publish/landing-pad/encyclopedia-vol-06/cover.png
2026-08-01T23:48:27 [WARNING] ggb-publish-pipeline-processor:   ❌ ggb-manifest-fc14dc1 — Not a regular file: /Users/darrylsmac/gullahgeecheebiz-site/publish/landing-pad/encyclopedia-vol-07/cover.png
2026-08-01T23:48:28 [WARNING] ggb-publish-pipeline-processor:   ❌ ggb-manifest-6fd0cd3 — Not a regular file: /Users/darrylsmac/gullahgeecheebiz-site/publish/landing-pad/encyclopedia-vol-08/cover.png
2026-08-01T23:48:28 [INFO] ggb-publish-pipeline-processor: 
📦 Stage 3: AWAITING_APPROVAL → APPROVED (0 candidates)
2026-08-01T23:48:28 [INFO] ggb-publish-pipeline-processor: 
📦 Stage 4: BLOCKED → retry (3 candidates)
2026-08-01T23:48:28 [WARNING] ggb-publish-pipeline-processor:   ❌ ggb-manifest-2d6bfd8 — Repair didn't fix: ['Unknown title — cannot auto-approve price. Owner approval required.']
2026-08-01T23:48:29 [WARNING] ggb-publish-pipeline-processor:   ❌ ggb-manifest-9ed9067 — Repair didn't fix: ['Unknown title — cannot auto-approve price. Owner approval required.']
2026-08-01T23:48:29 [WARNING] ggb-publish-pipeline-processor:   ❌ ggb-manifest-d25e29c — Repair didn't fix: ['Unknown title — cannot auto-approve price. Owner approval required.']
2026-08-01T23:48:29 [INFO] ggb-publish-pipeline-processor: 
────────────────────────────────────────────────────────────
2026-08-01T23:48:29 [INFO] ggb-publish-pipeline-processor: Run complete — 4.9s
2026-08-01T23:48:29 [INFO] ggb-publish-pipeline-processor:   Processed: 0
2026-08-01T23:48:29 [INFO] ggb-publish-pipeline-processor:   Errors:    9
2026-08-01T23:48:29 [INFO] ggb-publish-pipeline-processor:   Stages:    {"reconciled": 0, "audited": 0, "staged": 0, "previewed": 0, "approved": 0}
2026-08-01T23:48:29 [INFO] ggb-publish-pipeline-processor: ────────────────────────────────────────────────────────────
2026-08-02T00:01:14 [INFO] ggb-publish-pipeline-processor: 
============================================================
2026-08-02T00:01:14 [INFO] ggb-publish-pipeline-processor: Pipeline Run — 2026-08-02T04:01:14.804345+00:00
2026-08-02T00:01:14 [INFO] ggb-publish-pipeline-processor: ============================================================
2026-08-02T00:01:14 [INFO] ggb-publish-pipeline-processor: 
📦 Stage 1: DISCOVERED → VALIDATED (10 candidates)
2026-08-02T00:01:15 [INFO] ggb-publish-pipeline-processor:   ✅ ggb-manifest-2d6bfd8 → validated
2026-08-02T00:01:16 [INFO] ggb-publish-pipeline-processor:   ✅ ggb-manifest-9ed9067 → validated
2026-08-02T00:01:16 [INFO] ggb-publish-pipeline-processor:   ✅ ggb-manifest-d25e29c → validated
2026-08-02T00:01:17 [INFO] ggb-publish-pipeline-processor:   ✅ ggb-manifest-bd5dfa4 → validated
2026-08-02T00:01:17 [INFO] ggb-publish-pipeline-processor:   ✅ ggb-manifest-13986b8 → validated
2026-08-02T00:01:18 [INFO] ggb-publish-pipeline-processor:   ✅ ggb-manifest-d252c9a → validated
2026-08-02T00:01:18 [INFO] ggb-publish-pipeline-processor:   ✅ ggb-manifest-70b7e94 → validated
2026-08-02T00:01:19 [INFO] ggb-publish-pipeline-processor:   ✅ ggb-manifest-6f753c3 → validated
2026-08-02T00:01:19 [INFO] ggb-publish-pipeline-processor:   ✅ ggb-manifest-6993a90 → validated
2026-08-02T00:01:20 [INFO] ggb-publish-pipeline-processor:   ✅ ggb-manifest-6dec9a5 → validated
2026-08-02T00:01:20 [INFO] ggb-publish-pipeline-processor: 
📦 Stage 2: VALIDATED → AWAITING_APPROVAL (10 candidates)
2026-08-02T00:01:20 [WARNING] ggb-publish-pipeline-processor:   ❌ ggb-manifest-bc2e3fb — Not a regular file: /Users/darrylsmac/gullahgeecheebiz-site/publish/landing-pad/encyclopedia-vol-06/cover.png
2026-08-02T00:01:21 [WARNING] ggb-publish-pipeline-processor:   ❌ ggb-manifest-fc14dc1 — Not a regular file: /Users/darrylsmac/gullahgeecheebiz-site/publish/landing-pad/encyclopedia-vol-07/cover.png
2026-08-02T00:01:21 [WARNING] ggb-publish-pipeline-processor:   ❌ ggb-manifest-6fd0cd3 — Not a regular file: /Users/darrylsmac/gullahgeecheebiz-site/publish/landing-pad/encyclopedia-vol-08/cover.png
2026-08-02T00:01:22 [WARNING] ggb-publish-pipeline-processor:   ❌ ggb-manifest-bb57500 — Not a regular file: /Users/darrylsmac/gullahgeecheebiz-site/publish/landing-pad/encyclopedia-vol-09/cover.png
2026-08-02T00:01:22 [WARNING] ggb-publish-pipeline-processor:   ❌ ggb-manifest-54c98f4 — Not a regular file: /Users/darrylsmac/gullahgeecheebiz-site/publish/landing-pad/encyclopedia-vol-10/cover.png
2026-08-02T00:01:23 [WARNING] ggb-publish-pipeline-processor:   ❌ ggb-manifest-e58f26f — Not a regular file: /Users/darrylsmac/gullahgeecheebiz-site/publish/landing-pad/encyclopedia-vol-11/cover.png
2026-08-02T00:01:23 [WARNING] ggb-publish-pipeline-processor:   ❌ ggb-manifest-bcf2da6 — Not a regular file: /Users/darrylsmac/gullahgeecheebiz-site/publish/landing-pad/encyclopedia-vol-12/cover.png
2026-08-02T00:01:24 [WARNING] ggb-publish-pipeline-processor:   ❌ ggb-manifest-6823287 — Not a regular file: /Users/darrylsmac/gullahgeecheebiz-site/publish/landing-pad/encyclopedia-vol-13/cover.png
2026-08-02T00:01:24 [WARNING] ggb-publish-pipeline-processor:   ❌ ggb-manifest-45df32b — Not a regular file: /Users/darrylsmac/gullahgeecheebiz-site/publish/landing-pad/encyclopedia-vol-14/cover.png
2026-08-02T00:01:25 [WARNING] ggb-publish-pipeline-processor:   ❌ ggb-manifest-27991ea — Not a regular file: /Users/darrylsmac/gullahgeecheebiz-site/publish/landing-pad/encyclopedia-vol-15/cover.png
2026-08-02T00:01:25 [INFO] ggb-publish-pipeline-processor: 
📦 Stage 3: AWAITING_APPROVAL → APPROVED (0 candidates)
2026-08-02T00:01:25 [INFO] ggb-publish-pipeline-processor: 
📦 Stage 4: BLOCKED → retry (0 candidates)
2026-08-02T00:01:25 [INFO] ggb-publish-pipeline-processor: 
────────────────────────────────────────────────────────────
2026-08-02T00:01:25 [INFO] ggb-publish-pipeline-processor: Run complete — 10.6s
2026-08-02T00:01:25 [INFO] ggb-publish-pipeline-processor:   Processed: 10
2026-08-02T00:01:25 [INFO] ggb-publish-pipeline-processor:   Errors:    10
2026-08-02T00:01:25 [INFO] ggb-publish-pipeline-processor:   Stages:    {"reconciled": 10, "audited": 10, "staged": 0, "previewed": 0, "approved": 0}
2026-08-02T00:01:25 [INFO] ggb-publish-pipeline-processor: ────────────────────────────────────────────────────────────
